Símbolo         Valor Decimal   Valor Hexadecimal
-------         -------------   -----------------
ROBO1                   20000                4E20
ROBO2                   20018                4E32
ROBO3                   20036                4E44
ROBO4                   20054                4E56
STACKPT                 65408                FF80
IVET                    65470                FFBE
TIMD                    65495                FFD7
INTS                    65496                FFD8
INTE                    65497                FFD9
TECST                   65498                FFDA
TECDT                   65499                FFDB
VISOR                   65500                FFDC
INICIO                     28                  1C
MAIN                       42                  2A
JSR_MSG01                6000                1770
LOOP1                    6017                1781
JRS_MSG02                6026                178A
LOOP                     6046                179E
GO_ON                    6056                17A8
ISR_KEY                  6065                17B1
JSR_N                    6082                17C2
JSR_13                   6097                17D1
JSR_CVISOR               6114                17E2
LOOPCVISOR               6131                17F3
JSR_AUX01                6140                17FC
ACTIVED_ROBOTS          30000                7530
CURRENT_ROBOT           30002                7532
MESSAGE01               30004                7534
MESSAGE02               30030                754E
MESSAGE03               30058                756A
