Símbolo         Valor Decimal   Valor Hexadecimal
-------         -------------   -----------------
STACKPT                 65408                FF80
IVET                    65470                FFBE
TIMD                    65495                FFD7
INTS                    65496                FFD8
INTE                    65497                FFD9
TECST                   65498                FFDA
TECDT                   65499                FFDB
VISOR                   65500                FFDC
POS_X                   65508                FFE4
POS_X_SIGNAL            65510                FFE6
POS_Y                   65515                FFEB
POS_Y_SIGNAL            65517                FFED
POS_VY                  65522                FFF2
POS_VY_SIGNAL           65525                FFF5
POS_VX                  65528                FFF8
POS_VX_SIGNAL           65531                FFFB
INICIO                     32                  20
MAIN                       46                  2E
WAIT_COMMAND             6000                1770
JSR_MSG01                6008                1778
LOOP                     6020                1784
OUT                      6034                1792
JSR_MSG02                6041                1799
LOOP_MSG02               6049                17A1
GO                       6081                17C1
OUT_MSG02                6093                17CD
JSR_POSITION             6094                17CE
ISR                      6163                1813
RETURN_ISR               6205                183D
J_TCL                    6226                1852
SUBROUT_N                6310                18A6
SUBROUT_W                6318                18AE
SUBROUT_S                6330                18BA
SUBROUT_D                6342                18C6
SUBROUT_A                6354                18D2
JSR_INC_VEL              6366                18DE
JSR_DEC_VEL              6381                18ED
JSR_TIMER                6396                18FC
LOOP_TIMER               6416                1910
OUT_TIMER                6430                191E
JSR_N                    6435                1923
MAX_BOTS                 6461                193D
OUT_JSR_N                6461                193D
JSR_CVISOR               6462                193E
LOOPVISOR                6470                1946
OUT_CVISOR               6484                1954
JSR_RX_OUT               6485                1955
JSR_RX_IN                6502                1966
ACTIVED_ROBOTS          30000                7530
CURRENT_ROBOT           30002                7532
TIMER_COUNT             30004                7534
MASK_CL                 30006                7536
MASK_TCL                30008                7538
MASK_TIM                30010                753A
MESSAGE01               30012                753C
MESSAGE02               30040                7558
MESSAGE03               30056                7568
BKP_R0                  30096                7590
BKP_R1                  30098                7592
BKP_R2                  30100                7594
BKP_R3                  30102                7596
BOTS_POSITIONS_X        30104                7598
BOTS_POSITIONS_Y        30112                75A0
BOTS_VEL_X              30120                75A8
BOTS_VEL_Y              30128                75B0
BOTS                    30136                75B8
