Símbolo         Valor Decimal   Valor Hexadecimal
-------         -------------   -----------------
STACKPT                 65408                FF80
IVET                    65470                FFBE
TIMD                    65495                FFD7
INTS                    65496                FFD8
INTE                    65497                FFD9
TECST                   65498                FFDA
TECDT                   65499                FFDB
VISOR                   65500                FFDC
POS_X                   65508                FFE4
POS_X_SIGNAL            65510                FFE6
POS_Y                   65515                FFEB
POS_Y_SIGNAL            65517                FFED
POS_VY                  65522                FFF2
POS_VY_SIGNAL           65525                FFF5
POS_VX                  65528                FFF8
POS_VX_SIGNAL           65531                FFFB
INICIO                     32                  20
MAIN                       46                  2E
WAIT_COMMAND             6000                1770
JMP_WC                   6014                177E
JSR_MSG01                6022                1786
LOOP                     6034                1792
OUT                      6048                17A0
JSR_MSG03                6055                17A7
LOOP_MSG03               6073                17B9
FLAG_FLIP                6087                17C7
OUT_MSG03                6091                17CB
JSR_MSG02                6098                17D2
LOOP_MSG02               6106                17DA
GO                       6138                17FA
OUT_MSG02                6146                1802
JSR_POSITION             6183                1827
ISR                      6252                186C
GO_ISR                   6294                1896
RETURN_ISR               6306                18A2
J_TCL                    6327                18B7
SUBROUT_N                6427                191B
SUBROUT_R                6435                1923
SUBROUT_W                6435                1923
SUBROUT_S                6447                192F
SUBROUT_D                6459                193B
SUBROUT_A                6471                1947
JSR_INC_VEL              6483                1953
JSR_DEC_VEL              6498                1962
JSR_TIMER                6513                1971
START_JSR_TIMER          6513                1971
LOOP_TIMER               6533                1985
OUT_TIMER                6547                1993
JSR_N                    6552                1998
MAX_BOTS                 6578                19B2
OUT_JSR_N                6594                19C2
JSR_CVISOR               6595                19C3
LOOPVISOR                6603                19CB
OUT_CVISOR               6617                19D9
JSR_RX_OUT               6618                19DA
JSR_RX_IN                6635                19EB
INT2STR                  6652                19FC
EHPOSITIVO               6682                1A1A
UINT2STR                 6695                1A27
LOOP_UINT2STR            6711                1A37
LOOPINTERNO              6715                1A3B
EHMENOR                  6727                1A47
ACTIVED_ROBOTS          30000                7530
CURRENT_ROBOT           30002                7532
TIMER_COUNT             30004                7534
MSG_TIMER               30006                7536
FLAG_TIMER              30008                7538
MASK_CL                 30010                753A
MASK_TCL                30012                753C
MASK_TIM                30014                753E
MESSAGE01               30016                7540
MESSAGE02               30044                755C
MESSAGE03               30060                756C
BKP_R0                  30100                7594
BKP_R1                  30102                7596
BKP_R2                  30104                7598
BKP_R3                  30106                759A
TAB10                   30108                759C
BOTS_POSITIONS_X        30114                75A2
BOTS_POSITIONS_Y        30122                75AA
BOTS_VEL_X              30130                75B2
BOTS_VEL_Y              30138                75BA
BOTS                    30146                75C2
